Watching for file changes with StatReloader
[12/Jan/2026 15:00:43] "GET /login/ HTTP/1.1" 200 1173
[12/Jan/2026 15:00:43] "GET /static/css/login.css HTTP/1.1" 200 1564
[12/Jan/2026 15:00:45] "POST /login/ HTTP/1.1" 302 0
[12/Jan/2026 15:00:45] "GET /menu/ HTTP/1.1" 200 1597
[12/Jan/2026 15:00:45] "GET /static/css/menu.css HTTP/1.1" 200 1537
[12/Jan/2026 15:00:45] "GET /static/js/menu.js HTTP/1.1" 200 402
/app/core/views.py changed, reloading.
Performing system checks...

System check identified no issues (0 silenced).
January 12, 2026 - 14:59:34
Django version 6.0.1, using settings 'safira_cloud.settings'
Starting development server at http://127.0.0.1:8000/
Quit the server with CONTROL-C.

WARNING: This is a development server. Do not use it in a production setting. Use a production WSGI or ASGI server instead.
For more information on production servers see: https://docs.djangoproject.com/en/6.0/howto/deployment/
Watching for file changes with StatReloader
/app/core/urls.py changed, reloading.
Performing system checks...

System check identified no issues (0 silenced).
January 12, 2026 - 15:02:45
Django version 6.0.1, using settings 'safira_cloud.settings'
Starting development server at http://127.0.0.1:8000/
Quit the server with CONTROL-C.

WARNING: This is a development server. Do not use it in a production setting. Use a production WSGI or ASGI server instead.
For more information on production servers see: https://docs.djangoproject.com/en/6.0/howto/deployment/
Watching for file changes with StatReloader
[12/Jan/2026 15:04:18] "GET /login/ HTTP/1.1" 200 1171
[12/Jan/2026 15:04:18] "GET /static/css/login.css HTTP/1.1" 200 1564
[12/Jan/2026 15:04:19] "POST /login/ HTTP/1.1" 302 0
[12/Jan/2026 15:04:19] "GET /menu/ HTTP/1.1" 200 1586
[12/Jan/2026 15:04:19] "GET /static/css/menu.css HTTP/1.1" 200 1537
[12/Jan/2026 15:04:19] "GET /static/js/menu.js HTTP/1.1" 200 402
[12/Jan/2026 15:04:19] "GET /logout/ HTTP/1.1" 302 0
[12/Jan/2026 15:04:19] "GET /login/ HTTP/1.1" 200 1171
